[36mvite v5.4.21 [32mbuilding for production...[36m[39m
transforming...
[32mΓ£ô[39m 1791 modules transformed.
node.exe : [31mx[39m 
Build failed in 2.31s
At line:1 char:1
+ & "C:\Program 
Files\nodejs/node.exe" 
"C:\Program 
Files\nodejs/node_mo ...
+ ~~~~~~~~~~~~~~~~~~~~~~~~
~~~~~~~~~~~~~~~~~~~~~~~~~~
~~~~~~~~~~~~~~~~~~~
    + CategoryInfo        
      : NotSpecified: (  
  [31mx[39m Build fail   
 ed in 2.31s:String) [    
], RemoteException
    + FullyQualifiedError 
   Id : NativeCommandErr  
  or
 
[31merror during build:
[31mCould not resolve 
"./lib/xml.js" from "node_
modules/property-informati
on/index.js"[31m
file: [36mC:/Users/3337r/
OneDrive/Desktop/MAJOR2026
/Nirogaverse/client/node_m
odules/property-informatio
n/index.js[31m
    at getRollupError (fil
e:///C:/Users/3337r/OneDri
ve/Desktop/MAJOR2026/Nirog
averse/client/node_modules
/rollup/dist/es/shared/par
seAst.js:406:41)
    at error (file:///C:/U
sers/3337r/OneDrive/Deskto
p/MAJOR2026/Nirogaverse/cl
ient/node_modules/rollup/d
ist/es/shared/parseAst.js:
402:42)
    at ModuleLoader.handle
InvalidResolvedId (file://
/C:/Users/3337r/OneDrive/D
esktop/MAJOR2026/Nirogaver
se/client/node_modules/rol
lup/dist/es/shared/node-en
try.js:22106:24)
    at file:///C:/Users/33
37r/OneDrive/Desktop/MAJOR
2026/Nirogaverse/client/no
de_modules/rollup/dist/es/
shared/node-entry.js:22066
:26[39m
